[stdout] 
> ts-koa-starter@1.0.0 start
> nodemon


[stdout] [33m[nodemon] 3.1.7[39m

[stdout] [33m[nodemon] to restart at any time, enter `rs`[39m

[stdout] [33m[nodemon] watching path(s): src\**\*[39m

[stdout] [33m[nodemon] watching extensions: ts[39m

[stdout] [32m[nodemon] starting `ts-node -r tsconfig-paths/register src/index.ts`[39m

[stdout] 应用启动成功 端口:8000

[stdout] 
> ts-koa-starter@1.0.0 start
> nodemon


[stdout] [33m[nodemon] 3.1.7[39m

[stdout] [33m[nodemon] to restart at any time, enter `rs`[39m

[stdout] [33m[nodemon] watching path(s): src\**\*[39m

[stdout] [33m[nodemon] watching extensions: ts[39m

[stdout] [32m[nodemon] starting `ts-node -r tsconfig-paths/register src/index.ts`[39m

[stdout] 应用启动成功 端口:8000

[stdout] path: /

[stdout] path: /dataFiltering

[stdout] path: /user/login

[stdout] error PrismaClientKnownRequestError: 
Invalid `prisma.user.findUnique()` invocation in
F:\code\dataFiltering\server\src\service\user.service.ts:53:38

  50 }
  51 async login(username: string, password: string) {
  52   try {
→ 53     const user = await prisma.user.findUnique(
The table `main.User` does not exist in the current database.
    at $n.handleRequestError (F:\code\dataFiltering\server\node_modules\@prisma\client\runtime\library.js:121:7315)
    at $n.handleAndLogRequestError (F:\code\dataFiltering\server\node_modules\@prisma\client\runtime\library.js:121:6623)
    at $n.request (F:\code\dataFiltering\server\node_modules\@prisma\client\runtime\library.js:121:6307)
    at async l (F:\code\dataFiltering\server\node_modules\@prisma\client\runtime\library.js:130:9633) {
  code: 'P2021',
  clientVersion: '5.22.0',
  meta: { modelName: 'User', table: 'main.User' }
}

[stdout] path: /

[stdout] path: /

[stdout] path: /upload

[stdout] path: /login

[stdout] path: /user/login

[stdout] error PrismaClientKnownRequestError: 
Invalid `prisma.user.findUnique()` invocation in
F:\code\dataFiltering\server\src\service\user.service.ts:53:38

  50 }
  51 async login(username: string, password: string) {
  52   try {
→ 53     const user = await prisma.user.findUnique(
The table `main.User` does not exist in the current database.
    at $n.handleRequestError (F:\code\dataFiltering\server\node_modules\@prisma\client\runtime\library.js:121:7315)
    at $n.handleAndLogRequestError (F:\code\dataFiltering\server\node_modules\@prisma\client\runtime\library.js:121:6623)
    at $n.request (F:\code\dataFiltering\server\node_modules\@prisma\client\runtime\library.js:121:6307)
    at async l (F:\code\dataFiltering\server\node_modules\@prisma\client\runtime\library.js:130:9633) {
  code: 'P2021',
  clientVersion: '5.22.0',
  meta: { modelName: 'User', table: 'main.User' }
}

[stdout] [31m[nodemon] app crashed - waiting for file changes before starting...[39m

Process exited with code: 4294967295
[stdout] 
> ts-koa-starter@1.0.0 start
> nodemon


[stdout] [33m[nodemon] 3.1.7[39m

[stdout] [33m[nodemon] to restart at any time, enter `rs`[39m

[stdout] [33m[nodemon] watching path(s): src\**\*[39m

[stdout] [33m[nodemon] watching extensions: ts[39m

[stdout] [32m[nodemon] starting `ts-node -r tsconfig-paths/register src/index.ts`[39m

[stdout] 应用启动成功 端口:8000

[stdout] path: /user/login

[stdout] error PrismaClientKnownRequestError: 
Invalid `prisma.user.findUnique()` invocation in
F:\code\dataFiltering\server\src\service\user.service.ts:53:38

  50 }
  51 async login(username: string, password: string) {
  52   try {
→ 53     const user = await prisma.user.findUnique(
The table `main.User` does not exist in the current database.
    at $n.handleRequestError (F:\code\dataFiltering\server\node_modules\@prisma\client\runtime\library.js:121:7315)
    at $n.handleAndLogRequestError (F:\code\dataFiltering\server\node_modules\@prisma\client\runtime\library.js:121:6623)
    at $n.request (F:\code\dataFiltering\server\node_modules\@prisma\client\runtime\library.js:121:6307)
    at async l (F:\code\dataFiltering\server\node_modules\@prisma\client\runtime\library.js:130:9633) {
  code: 'P2021',
  clientVersion: '5.22.0',
  meta: { modelName: 'User', table: 'main.User' }
}

[stdout] [31m[nodemon] app crashed - waiting for file changes before starting...[39m

Process exited with code: 4294967295
[stdout] 
> ts-koa-starter@1.0.0 start
> nodemon


[stdout] [33m[nodemon] 3.1.7[39m

[stdout] [33m[nodemon] to restart at any time, enter `rs`[39m

[stdout] [33m[nodemon] watching path(s): src\**\*[39m

[stdout] [33m[nodemon] watching extensions: ts[39m

[stdout] [32m[nodemon] starting `ts-node -r tsconfig-paths/register src/index.ts`[39m

[stdout] 应用启动成功 端口:8000

[stdout] [31m[nodemon] app crashed - waiting for file changes before starting...[39m

Process exited with code: 4294967295
[stdout] 
> ts-koa-starter@1.0.0 start
> nodemon


[stdout] [33m[nodemon] 3.1.7[39m

[stdout] [33m[nodemon] to restart at any time, enter `rs`[39m

[stdout] [33m[nodemon] watching path(s): src\**\*[39m

[stdout] [33m[nodemon] watching extensions: ts[39m

[stdout] [32m[nodemon] starting `ts-node -r tsconfig-paths/register src/index.ts`[39m

[stdout] 应用启动成功 端口:8000

[stdout] path: /upload

[stdout] [31m[nodemon] app crashed - waiting for file changes before starting...[39m

Process exited with code: 4294967295
